components/RevenueChart.tsx(43,29): error TS2322: Type '(value: number) => [string, ""]' is not assignable to type 'Formatter<number, ""> & ((value: number, name: "", item: Payload<number, "">, index: number, payload: Payload<number, "">[]) => ReactNode | [...])'.
  Type '(value: number) => [string, ""]' is not assignable to type 'Formatter<number, "">'.
    Types of parameters 'value' and 'value' are incompatible.
      Type 'number | undefined' is not assignable to type 'number'.
        Type 'undefined' is not assignable to type 'number'.
